// Jest Snapshot v1, https://goo.gl/fbAQLP

exports[`<Toggle /> should contain default text 1`] = `
<select
  class="Select-qu3sxg-0 fumbYO"
>
  <option
    value="en"
  >
    someContent
  </option>
  <option
    value="fr"
  >
    someOtherContent
  </option>
</select>
`;
